// Jest Snapshot v1, https://goo.gl/fbAQLP

exports[`Loading Component matches the snapshot 1`] = `
<DocumentFragment>
  <div>
     Loading... 
  </div>
</DocumentFragment>
`;
